Archive member included to satisfy reference by file (symbol)

/opt/devkitpro/devkitA64/bin/../lib/gcc/aarch64-none-elf/12.1.0/../../../../aarch64-none-elf/lib/pic/libg.a(lib_a-strlen.o)
                              CMakeFiles/Engage_Starlight.dir/src/logger.cpp.obj (strlen)
/opt/devkitpro/devkitA64/bin/../lib/gcc/aarch64-none-elf/12.1.0/../../../../aarch64-none-elf/lib/pic/libg.a(lib_a-strncat.o)
                              CMakeFiles/Engage_Starlight.dir/src/logger.cpp.obj (strncat)

Discarded input sections

 .text          0x0000000000000000        0x0 /opt/devkitpro/devkitA64/bin/../lib/gcc/aarch64-none-elf/12.1.0/pic/crti.o
 .data          0x0000000000000000        0x0 /opt/devkitpro/devkitA64/bin/../lib/gcc/aarch64-none-elf/12.1.0/pic/crti.o
 .bss           0x0000000000000000        0x0 /opt/devkitpro/devkitA64/bin/../lib/gcc/aarch64-none-elf/12.1.0/pic/crti.o
 .init          0x0000000000000000       0x18 /opt/devkitpro/devkitA64/bin/../lib/gcc/aarch64-none-elf/12.1.0/pic/crti.o
 .fini          0x0000000000000000       0x18 /opt/devkitpro/devkitA64/bin/../lib/gcc/aarch64-none-elf/12.1.0/pic/crti.o
 .text          0x0000000000000000        0x0 /opt/devkitpro/devkitA64/bin/../lib/gcc/aarch64-none-elf/12.1.0/pic/crtbegin.o
 .data          0x0000000000000000        0x0 /opt/devkitpro/devkitA64/bin/../lib/gcc/aarch64-none-elf/12.1.0/pic/crtbegin.o
 .bss           0x0000000000000000        0x0 /opt/devkitpro/devkitA64/bin/../lib/gcc/aarch64-none-elf/12.1.0/pic/crtbegin.o
 .data.__dso_handle
                0x0000000000000000        0x8 /opt/devkitpro/devkitA64/bin/../lib/gcc/aarch64-none-elf/12.1.0/pic/crtbegin.o
 .text          0x0000000000000000        0x0 CMakeFiles/Engage_Starlight.dir/src/crt0.s.obj
 .data          0x0000000000000000        0x0 CMakeFiles/Engage_Starlight.dir/src/crt0.s.obj
 .bss           0x0000000000000000        0x0 CMakeFiles/Engage_Starlight.dir/src/crt0.s.obj
 .group         0x0000000000000000        0xc CMakeFiles/Engage_Starlight.dir/src/logger.cpp.obj
 .text          0x0000000000000000        0x0 CMakeFiles/Engage_Starlight.dir/src/logger.cpp.obj
 .text          0x0000000000000000        0x0 CMakeFiles/Engage_Starlight.dir/src/module.cpp.obj
 .data          0x0000000000000000        0x0 CMakeFiles/Engage_Starlight.dir/src/module.cpp.obj
 .text          0x0000000000000000        0x0 CMakeFiles/Engage_Starlight.dir/src/toggles/affection.cpp.obj
 .data          0x0000000000000000        0x0 CMakeFiles/Engage_Starlight.dir/src/toggles/affection.cpp.obj
 .bss           0x0000000000000000        0x0 CMakeFiles/Engage_Starlight.dir/src/toggles/affection.cpp.obj
 .text          0x0000000000000000        0x0 CMakeFiles/Engage_Starlight.dir/src/toggles/exp_share.cpp.obj
 .data          0x0000000000000000        0x0 CMakeFiles/Engage_Starlight.dir/src/toggles/exp_share.cpp.obj
 .bss           0x0000000000000000        0x0 CMakeFiles/Engage_Starlight.dir/src/toggles/exp_share.cpp.obj
 .data          0x0000000000000000        0x0 /opt/devkitpro/devkitA64/bin/../lib/gcc/aarch64-none-elf/12.1.0/../../../../aarch64-none-elf/lib/pic/libg.a(lib_a-strlen.o)
 .bss           0x0000000000000000        0x0 /opt/devkitpro/devkitA64/bin/../lib/gcc/aarch64-none-elf/12.1.0/../../../../aarch64-none-elf/lib/pic/libg.a(lib_a-strlen.o)
 .text          0x0000000000000000        0x0 /opt/devkitpro/devkitA64/bin/../lib/gcc/aarch64-none-elf/12.1.0/../../../../aarch64-none-elf/lib/pic/libg.a(lib_a-strncat.o)
 .data          0x0000000000000000        0x0 /opt/devkitpro/devkitA64/bin/../lib/gcc/aarch64-none-elf/12.1.0/../../../../aarch64-none-elf/lib/pic/libg.a(lib_a-strncat.o)
 .bss           0x0000000000000000        0x0 /opt/devkitpro/devkitA64/bin/../lib/gcc/aarch64-none-elf/12.1.0/../../../../aarch64-none-elf/lib/pic/libg.a(lib_a-strncat.o)
 .text          0x0000000000000000        0x0 /opt/devkitpro/devkitA64/bin/../lib/gcc/aarch64-none-elf/12.1.0/pic/crtend.o
 .data          0x0000000000000000        0x0 /opt/devkitpro/devkitA64/bin/../lib/gcc/aarch64-none-elf/12.1.0/pic/crtend.o
 .bss           0x0000000000000000        0x0 /opt/devkitpro/devkitA64/bin/../lib/gcc/aarch64-none-elf/12.1.0/pic/crtend.o
 .text          0x0000000000000000        0x0 /opt/devkitpro/devkitA64/bin/../lib/gcc/aarch64-none-elf/12.1.0/pic/crtn.o
 .data          0x0000000000000000        0x0 /opt/devkitpro/devkitA64/bin/../lib/gcc/aarch64-none-elf/12.1.0/pic/crtn.o
 .bss           0x0000000000000000        0x0 /opt/devkitpro/devkitA64/bin/../lib/gcc/aarch64-none-elf/12.1.0/pic/crtn.o
 .init          0x0000000000000000       0x1c /opt/devkitpro/devkitA64/bin/../lib/gcc/aarch64-none-elf/12.1.0/pic/crtn.o
 .fini          0x0000000000000000       0x1c /opt/devkitpro/devkitA64/bin/../lib/gcc/aarch64-none-elf/12.1.0/pic/crtn.o

Memory Configuration

Name             Origin             Length             Attributes
*default*        0x0000000000000000 0xffffffffffffffff

Linker script and memory map

                0xfffffffffa96b9e0                _Z17il2cpp_object_newPv = 0xfffffffffa96b9e0
                0xfffffffffabdb990                malloc = 0xfffffffffabdb990
                0xfffffffffabdb9b0                free = 0xfffffffffabdb9b0
                0xfffffffffae9dfc0                _Znwm = 0xfffffffffae9dfc0
                0xfffffffffae9e300                _Znam = 0xfffffffffae9e300
                0xfffffffffae9e360                _ZdlPv = 0xfffffffffae9e360
                0xfffffffffae9e670                _ZdaPv = 0xfffffffffae9e670
                0x0000000000000000                PROVIDE (__start__ = 0x0)
                0x0000000000000000                . = __start__
                0x0000000000000000                __code_start__ = .

.text           0x0000000000000000      0x538
                0x0000000000000000                __text_start__ = .
 *(.text.crt0)
 .text.crt0     0x0000000000000000        0x8 CMakeFiles/Engage_Starlight.dir/src/crt0.s.obj
                0x0000000000000000                __module_start
 *(.text .text.*)
 *fill*         0x0000000000000008        0x8 
 .text.__do_global_dtors_aux
                0x0000000000000010       0x44 /opt/devkitpro/devkitA64/bin/../lib/gcc/aarch64-none-elf/12.1.0/pic/crtbegin.o
 *fill*         0x0000000000000054        0xc 
 .text.frame_dummy
                0x0000000000000060       0x24 /opt/devkitpro/devkitA64/bin/../lib/gcc/aarch64-none-elf/12.1.0/pic/crtbegin.o
 *fill*         0x0000000000000084        0xc 
 .text._Z10socket_logPKc
                0x0000000000000090       0x44 CMakeFiles/Engage_Starlight.dir/src/logger.cpp.obj
                0x0000000000000090                socket_log(char const*)
 *fill*         0x00000000000000d4        0xc 
 .text._Z3LOGPKcz
                0x00000000000000e0       0xb4 CMakeFiles/Engage_Starlight.dir/src/logger.cpp.obj
                0x00000000000000e0                LOG(char const*, ...)
 *fill*         0x0000000000000194        0xc 
 .text._Z16socket_read_charPc
                0x00000000000001a0       0x9c CMakeFiles/Engage_Starlight.dir/src/logger.cpp.obj
                0x00000000000001a0                socket_read_char(char*)
 *fill*         0x000000000000023c        0x4 
 .text._Z21socket_log_initializev
                0x0000000000000240       0xdc CMakeFiles/Engage_Starlight.dir/src/logger.cpp.obj
                0x0000000000000240                socket_log_initialize()
 *fill*         0x000000000000031c        0x4 
 .text._Z13tryInitSocketv
                0x0000000000000320       0x14 CMakeFiles/Engage_Starlight.dir/src/logger.cpp.obj
                0x0000000000000320                tryInitSocket()
 *fill*         0x0000000000000334        0xc 
 .text._Z9affectionP29Dpr_Battle_Logic_MainModule_o
                0x0000000000000340        0x8 CMakeFiles/Engage_Starlight.dir/src/toggles/affection.cpp.obj
                0x0000000000000340                affection(Dpr_Battle_Logic_MainModule_o*)
 *fill*         0x0000000000000348        0x8 
 .text._Z8expShareP29Dpr_Battle_Logic_MainModule_o
                0x0000000000000350        0x8 CMakeFiles/Engage_Starlight.dir/src/toggles/exp_share.cpp.obj
                0x0000000000000350                expShare(Dpr_Battle_Logic_MainModule_o*)
 *fill*         0x0000000000000358       0x28 
 .text          0x0000000000000380      0x140 /opt/devkitpro/devkitA64/bin/../lib/gcc/aarch64-none-elf/12.1.0/../../../../aarch64-none-elf/lib/pic/libg.a(lib_a-strlen.o)
                0x0000000000000380                strlen
 .text.strncat  0x00000000000004c0       0x78 /opt/devkitpro/devkitA64/bin/../lib/gcc/aarch64-none-elf/12.1.0/../../../../aarch64-none-elf/lib/pic/libg.a(lib_a-strncat.o)
                0x00000000000004c0                strncat
                0x0000000000000538                __text_end__ = .

.plt            0x0000000000000538      0x120
 *(.plt .plt.*)
 .plt           0x0000000000000538      0x120 /opt/devkitpro/devkitA64/bin/../lib/gcc/aarch64-none-elf/12.1.0/pic/crti.o
                0x0000000000000658                __code_end__ = .
                0x0000000000001000                . = ALIGN (0x1000)

.module_name    0x0000000000001000       0x1c
 *(.rodata.module_name)
 .rodata.module_name
                0x0000000000001000       0x1c CMakeFiles/Engage_Starlight.dir/src/module.cpp.obj
                0x0000000000001000                module_name
                0x0000000000001020                . = ALIGN (0x8)

.rodata         0x0000000000001020       0x68
 *(.rodata .rodata.*)
 .rodata.mod0   0x0000000000001020       0x1c CMakeFiles/Engage_Starlight.dir/src/crt0.s.obj
                0x0000000000001020                __nx_mod0
 *fill*         0x000000000000103c        0x4 
 .rodata.str1.8
                0x0000000000001040       0x48 CMakeFiles/Engage_Starlight.dir/src/logger.cpp.obj
                                         0x41 (size before relaxing)

.gnu.version_d  0x0000000000001088        0x0
 .gnu.version_d
                0x0000000000001088        0x0 /opt/devkitpro/devkitA64/bin/../lib/gcc/aarch64-none-elf/12.1.0/pic/crti.o

.gnu.version    0x0000000000001088        0x0
 .gnu.version   0x0000000000001088        0x0 /opt/devkitpro/devkitA64/bin/../lib/gcc/aarch64-none-elf/12.1.0/pic/crti.o

.gnu.version_r  0x0000000000001088        0x0
 .gnu.version_r
                0x0000000000001088        0x0 /opt/devkitpro/devkitA64/bin/../lib/gcc/aarch64-none-elf/12.1.0/pic/crti.o

.hash           0x0000000000001088       0xa8
 *(.hash)
 .hash          0x0000000000001088       0xa8 /opt/devkitpro/devkitA64/bin/../lib/gcc/aarch64-none-elf/12.1.0/pic/crti.o

.gnu.hash
 *(.gnu.hash)

.dynsym         0x0000000000001130      0x228
 *(.dynsym .dynsym.*)
 .dynsym        0x0000000000001130      0x228 /opt/devkitpro/devkitA64/bin/../lib/gcc/aarch64-none-elf/12.1.0/pic/crti.o

.dynstr         0x0000000000001358      0x247
 *(.dynstr .dynstr.*)
 .dynstr        0x0000000000001358      0x247 /opt/devkitpro/devkitA64/bin/../lib/gcc/aarch64-none-elf/12.1.0/pic/crti.o
                0x000000000000159f                __rel_dyn_start__ = .

.rel.dyn
 *(.rel.dyn)
                0x000000000000159f                __rel_dyn_end__ = .
                0x000000000000159f                __rela_dyn_start__ = .

.rela.dyn       0x00000000000015a0       0x90
 *(.rela.dyn)
 .rela.got      0x00000000000015a0       0x60 /opt/devkitpro/devkitA64/bin/../lib/gcc/aarch64-none-elf/12.1.0/pic/crti.o
 .rela.init_array
                0x0000000000001600       0x18 /opt/devkitpro/devkitA64/bin/../lib/gcc/aarch64-none-elf/12.1.0/pic/crti.o
 .rela.fini_array
                0x0000000000001618       0x18 /opt/devkitpro/devkitA64/bin/../lib/gcc/aarch64-none-elf/12.1.0/pic/crti.o
 .rela.ifunc    0x0000000000001630        0x0 /opt/devkitpro/devkitA64/bin/../lib/gcc/aarch64-none-elf/12.1.0/pic/crti.o
                0x0000000000001630                __rela_dyn_end__ = .
                0x0000000000001630                __rel_plt_start__ = .

.rel.plt
 *(.rel.plt)
                0x0000000000001630                __rel_plt_end__ = .
                0x0000000000001630                __rela_plt_start__ = .

.rela.plt       0x0000000000001630      0x180
 *(.rela.plt)
 .rela.plt      0x0000000000001630      0x180 /opt/devkitpro/devkitA64/bin/../lib/gcc/aarch64-none-elf/12.1.0/pic/crti.o
                0x00000000000017b0                __rela_plt_end__ = .

.gcc_except_table
 *(.gcc_except_table .gcc_except_table.*)

.eh_frame_hdr   0x00000000000017b0        0x0
                0x00000000000017b0                __eh_frame_hdr_start__ = .
 *(.eh_frame_hdr)
                0x00000000000017b0                __eh_frame_hdr_end__ = .

.eh_frame       0x00000000000017b0      0x160
 *(.eh_frame)
 .eh_frame      0x00000000000017b0       0x50 /opt/devkitpro/devkitA64/bin/../lib/gcc/aarch64-none-elf/12.1.0/pic/crtbegin.o
 .eh_frame      0x0000000000001800       0xc8 CMakeFiles/Engage_Starlight.dir/src/logger.cpp.obj
                                         0xd8 (size before relaxing)
 .eh_frame      0x00000000000018c8       0x18 CMakeFiles/Engage_Starlight.dir/src/toggles/affection.cpp.obj
                                         0x28 (size before relaxing)
 .eh_frame      0x00000000000018e0       0x18 CMakeFiles/Engage_Starlight.dir/src/toggles/exp_share.cpp.obj
                                         0x28 (size before relaxing)
 .eh_frame      0x00000000000018f8       0x14 /opt/devkitpro/devkitA64/bin/../lib/gcc/aarch64-none-elf/12.1.0/../../../../aarch64-none-elf/lib/pic/libg.a(lib_a-strncat.o)
                                         0x28 (size before relaxing)
 .eh_frame      0x000000000000190c        0x4 /opt/devkitpro/devkitA64/bin/../lib/gcc/aarch64-none-elf/12.1.0/pic/crtend.o

.note.gnu.build-id
                0x0000000000001910       0x24
 *(.note.gnu.build-id)
 .note.gnu.build-id
                0x0000000000001910       0x24 /opt/devkitpro/devkitA64/bin/../lib/gcc/aarch64-none-elf/12.1.0/pic/crti.o
                0x0000000000002000                . = ALIGN (0x1000)

.data           0x0000000000002000        0x4
 *(.data .data.*)
 .data.rel.ro   0x0000000000002000        0x0 /opt/devkitpro/devkitA64/bin/../lib/gcc/aarch64-none-elf/12.1.0/pic/crti.o
 .data          0x0000000000002000        0x4 CMakeFiles/Engage_Starlight.dir/src/logger.cpp.obj
                0x0000000000002000                socket_log_socket

.data.rela.ro
 *(.data.rela.ro.local*)
 *(.data.rela.ro .data.rela.ro.*)

.data.rel.ro
 *(.data.rel.ro.local*)
 *(.data.rel.ro .data.rel.ro.*)
                0x0000000000002004                __got_start__ = .

.got            0x0000000000002008       0xc0
 *(.got.plt)
 .got.plt       0x0000000000002008       0x98 /opt/devkitpro/devkitA64/bin/../lib/gcc/aarch64-none-elf/12.1.0/pic/crti.o
 *(.igot.plt)
 *(.got)
 .got           0x00000000000020a0       0x28 /opt/devkitpro/devkitA64/bin/../lib/gcc/aarch64-none-elf/12.1.0/pic/crti.o
                0x00000000000020a0                _GLOBAL_OFFSET_TABLE_
 *(.igot)
                0x00000000000020c8                __got_end__ = .

.dynamic        0x00000000000020c8      0x160
                0x00000000000020c8                __dynamic_start__ = .
 *(.dynamic)
 .dynamic       0x00000000000020c8      0x160 /opt/devkitpro/devkitA64/bin/../lib/gcc/aarch64-none-elf/12.1.0/pic/crti.o
                0x00000000000020c8                _DYNAMIC
                0x0000000000002228                . = ALIGN (0x8)

.preinit_array  0x0000000000002228        0x0
                [!provide]                        PROVIDE (__preinit_array_start__ = .)
 *(.preinit_array)
                [!provide]                        PROVIDE (__preinit_array_end__ = .)

.init_array     0x0000000000002228        0x8
                [!provide]                        PROVIDE (__init_array_start__ = .)
 *(SORT_BY_INIT_PRIORITY(.init_array.*))
 *(.init_array)
 .init_array    0x0000000000002228        0x8 /opt/devkitpro/devkitA64/bin/../lib/gcc/aarch64-none-elf/12.1.0/pic/crtbegin.o
                [!provide]                        PROVIDE (__init_array_end__ = .)

.fini_array     0x0000000000002230        0x8
                [!provide]                        PROVIDE (__fini_array_start__ = .)
 *(SORT_BY_INIT_PRIORITY(.fini_array.*))
 *(.fini_array)
 .fini_array    0x0000000000002230        0x8 /opt/devkitpro/devkitA64/bin/../lib/gcc/aarch64-none-elf/12.1.0/pic/crtbegin.o
                [!provide]                        PROVIDE (__fini_array_end__ = .)

.tdata          0x0000000000002238        0x0
                0x0000000000002238                __tdata_align_abs__ = ABSOLUTE (.)
                0x0000000000002238                __tdata_start__ = .
 *(.tdata .tdata.*)
                0x0000000000002238                __tdata_end__ = .

.tbss           0x0000000000002238        0x0
                0x0000000000002238                __tbss_align_abs__ = ABSOLUTE (.)
                0x0000000000002238                __tbss_start__ = .
 *(.tbss .tbss.*)
 *(.tcommon)
                0x0000000000002238                __tbss_end__ = .
                0x0000000000003000                . = ALIGN (0x1000)

.bss            0x0000000000003000   0x622000
                0x0000000000003000                __bss_start__ = .
 *(.bss .bss.*)
 .bss.completed.1
                0x0000000000003000        0x1 /opt/devkitpro/devkitA64/bin/../lib/gcc/aarch64-none-elf/12.1.0/pic/crtbegin.o
 *fill*         0x0000000000003001        0x7 
 .bss.object.0  0x0000000000003008       0x30 /opt/devkitpro/devkitA64/bin/../lib/gcc/aarch64-none-elf/12.1.0/pic/crtbegin.o
 *fill*         0x0000000000003038      0xfc8 
 .bss           0x0000000000004000   0x620001 CMakeFiles/Engage_Starlight.dir/src/logger.cpp.obj
                0x0000000000004000                socket_data_pool
                0x0000000000624000                socket_log_state
 *fill*         0x0000000000624001        0x7 
 .bss           0x0000000000624008       0xd0 CMakeFiles/Engage_Starlight.dir/src/module.cpp.obj
                0x0000000000624008                __nx_module_runtime
 *(COMMON)
                0x00000000006240d8                . = ALIGN (0x8)
                0x00000000006240d8                __bss_end__ = .
                0x0000000000625000                . = ALIGN (0x1000)
 *fill*         0x00000000006240d8      0xf28 
                0x0000000000625000                __end__ = ABSOLUTE (.)
                0x0000000000625000                __argdata__ = .

.dynbss         0x0000000000625000        0x0
 .dynbss        0x0000000000625000        0x0 /opt/devkitpro/devkitA64/bin/../lib/gcc/aarch64-none-elf/12.1.0/pic/crti.o

/DISCARD/
 *(.interp)
LOAD /opt/devkitpro/devkitA64/bin/../lib/gcc/aarch64-none-elf/12.1.0/pic/crti.o
LOAD /opt/devkitpro/devkitA64/bin/../lib/gcc/aarch64-none-elf/12.1.0/pic/crtbegin.o
LOAD CMakeFiles/Engage_Starlight.dir/src/crt0.s.obj
LOAD CMakeFiles/Engage_Starlight.dir/src/logger.cpp.obj
LOAD CMakeFiles/Engage_Starlight.dir/src/module.cpp.obj
LOAD CMakeFiles/Engage_Starlight.dir/src/toggles/affection.cpp.obj
LOAD CMakeFiles/Engage_Starlight.dir/src/toggles/exp_share.cpp.obj
LOAD /opt/devkitpro/devkitA64/bin/../lib/gcc/aarch64-none-elf/12.1.0/../../../../aarch64-none-elf/lib/pic/libstdc++.a
LOAD /opt/devkitpro/devkitA64/bin/../lib/gcc/aarch64-none-elf/12.1.0/../../../../aarch64-none-elf/lib/pic/libm.a
START GROUP
LOAD /opt/devkitpro/devkitA64/bin/../lib/gcc/aarch64-none-elf/12.1.0/pic/libgcc.a
LOAD /opt/devkitpro/devkitA64/bin/../lib/gcc/aarch64-none-elf/12.1.0/../../../../aarch64-none-elf/lib/pic/libg.a
LOAD /opt/devkitpro/devkitA64/bin/../lib/gcc/aarch64-none-elf/12.1.0/../../../../aarch64-none-elf/lib/pic/libc.a
LOAD /opt/devkitpro/devkitA64/bin/../lib/gcc/aarch64-none-elf/12.1.0/../../../../aarch64-none-elf/lib/pic/libsysbase.a
END GROUP
LOAD /opt/devkitpro/devkitA64/bin/../lib/gcc/aarch64-none-elf/12.1.0/pic/crtend.o
LOAD /opt/devkitpro/devkitA64/bin/../lib/gcc/aarch64-none-elf/12.1.0/pic/crtn.o
OUTPUT(Engage_Starlight.elf elf64-littleaarch64)

.comment        0x0000000000000000       0x23
 .comment       0x0000000000000000       0x23 /opt/devkitpro/devkitA64/bin/../lib/gcc/aarch64-none-elf/12.1.0/pic/crtbegin.o
                                         0x24 (size before relaxing)
 .comment       0x0000000000000023       0x24 CMakeFiles/Engage_Starlight.dir/src/logger.cpp.obj
 .comment       0x0000000000000023       0x24 CMakeFiles/Engage_Starlight.dir/src/module.cpp.obj
 .comment       0x0000000000000023       0x24 CMakeFiles/Engage_Starlight.dir/src/toggles/affection.cpp.obj
 .comment       0x0000000000000023       0x24 CMakeFiles/Engage_Starlight.dir/src/toggles/exp_share.cpp.obj
 .comment       0x0000000000000023       0x24 /opt/devkitpro/devkitA64/bin/../lib/gcc/aarch64-none-elf/12.1.0/../../../../aarch64-none-elf/lib/pic/libg.a(lib_a-strncat.o)
 .comment       0x0000000000000023       0x24 /opt/devkitpro/devkitA64/bin/../lib/gcc/aarch64-none-elf/12.1.0/pic/crtend.o

.debug_line     0x0000000000000000      0xb1c
 .debug_line    0x0000000000000000       0x71 CMakeFiles/Engage_Starlight.dir/src/crt0.s.obj
 .debug_line    0x0000000000000071      0x6e5 CMakeFiles/Engage_Starlight.dir/src/logger.cpp.obj
 .debug_line    0x0000000000000756       0x64 CMakeFiles/Engage_Starlight.dir/src/module.cpp.obj
 .debug_line    0x00000000000007ba      0x1b1 CMakeFiles/Engage_Starlight.dir/src/toggles/affection.cpp.obj
 .debug_line    0x000000000000096b      0x1b1 CMakeFiles/Engage_Starlight.dir/src/toggles/exp_share.cpp.obj

.debug_info     0x0000000000000000    0x52e34
 .debug_info    0x0000000000000000       0x2e CMakeFiles/Engage_Starlight.dir/src/crt0.s.obj
 .debug_info    0x000000000000002e     0x28ae CMakeFiles/Engage_Starlight.dir/src/logger.cpp.obj
 .debug_info    0x00000000000028dc       0xb0 CMakeFiles/Engage_Starlight.dir/src/module.cpp.obj
 .debug_info    0x000000000000298c    0x28254 CMakeFiles/Engage_Starlight.dir/src/toggles/affection.cpp.obj
 .debug_info    0x000000000002abe0    0x28254 CMakeFiles/Engage_Starlight.dir/src/toggles/exp_share.cpp.obj

.debug_abbrev   0x0000000000000000      0xa50
 .debug_abbrev  0x0000000000000000       0x14 CMakeFiles/Engage_Starlight.dir/src/crt0.s.obj
 .debug_abbrev  0x0000000000000014      0x56b CMakeFiles/Engage_Starlight.dir/src/logger.cpp.obj
 .debug_abbrev  0x000000000000057f       0x6f CMakeFiles/Engage_Starlight.dir/src/module.cpp.obj
 .debug_abbrev  0x00000000000005ee      0x231 CMakeFiles/Engage_Starlight.dir/src/toggles/affection.cpp.obj
 .debug_abbrev  0x000000000000081f      0x231 CMakeFiles/Engage_Starlight.dir/src/toggles/exp_share.cpp.obj

.debug_aranges  0x0000000000000000      0x120
 .debug_aranges
                0x0000000000000000       0x30 CMakeFiles/Engage_Starlight.dir/src/crt0.s.obj
 .debug_aranges
                0x0000000000000030       0x70 CMakeFiles/Engage_Starlight.dir/src/logger.cpp.obj
 .debug_aranges
                0x00000000000000a0       0x20 CMakeFiles/Engage_Starlight.dir/src/module.cpp.obj
 .debug_aranges
                0x00000000000000c0       0x30 CMakeFiles/Engage_Starlight.dir/src/toggles/affection.cpp.obj
 .debug_aranges
                0x00000000000000f0       0x30 CMakeFiles/Engage_Starlight.dir/src/toggles/exp_share.cpp.obj

.debug_str      0x0000000000000000    0x20973
 .debug_str     0x0000000000000000       0x99 CMakeFiles/Engage_Starlight.dir/src/crt0.s.obj
 .debug_str     0x0000000000000099     0x109c CMakeFiles/Engage_Starlight.dir/src/logger.cpp.obj
                                       0x144a (size before relaxing)
 .debug_str     0x0000000000001135       0x7b CMakeFiles/Engage_Starlight.dir/src/module.cpp.obj
                                        0x1e8 (size before relaxing)
 .debug_str     0x00000000000011b0    0x1f73f CMakeFiles/Engage_Starlight.dir/src/toggles/affection.cpp.obj
                                      0x1fcd6 (size before relaxing)
 .debug_str     0x00000000000208ef       0x84 CMakeFiles/Engage_Starlight.dir/src/toggles/exp_share.cpp.obj
                                      0x1fcd4 (size before relaxing)

.debug_loclists
                0x0000000000000000      0x14f
 .debug_loclists
                0x0000000000000000      0x101 CMakeFiles/Engage_Starlight.dir/src/logger.cpp.obj
 .debug_loclists
                0x0000000000000101       0x27 CMakeFiles/Engage_Starlight.dir/src/toggles/affection.cpp.obj
 .debug_loclists
                0x0000000000000128       0x27 CMakeFiles/Engage_Starlight.dir/src/toggles/exp_share.cpp.obj

.debug_rnglists
                0x0000000000000000       0x80
 .debug_rnglists
                0x0000000000000000       0x52 CMakeFiles/Engage_Starlight.dir/src/logger.cpp.obj
 .debug_rnglists
                0x0000000000000052       0x17 CMakeFiles/Engage_Starlight.dir/src/toggles/affection.cpp.obj
 .debug_rnglists
                0x0000000000000069       0x17 CMakeFiles/Engage_Starlight.dir/src/toggles/exp_share.cpp.obj
